"","m","v"
"ASV_1",0.368251156268012,0.0906863324483563
"ASV_2",0.056379412346255,0.00552443420770057
"ASV_3",0.0402412417061581,0.00532345505058144
"ASV_4",0.0296869030270196,0.00646479090929842
"ASV_5",0.0351919565866662,0.00709704063729992
"ASV_6",0.0274668215037335,0.00278948938679147
"ASV_7",0.0127331802743637,0.00140368121229523
"ASV_8",0.0198831513498171,0.000964091606279499
"ASV_9",0.0137965821523731,0.000454963240026673
"ASV_10",0.0113093013716769,0.00108601699318418
"ASV_11",0.00941162914591558,0.000774875305624318
"ASV_12",0.00554683833657078,0.000695309889197118
"ASV_13",0.0157267972305641,0.00116263974560524
"ASV_14",0.0103547886002803,0.000339467135778687
"ASV_15",0.00837453449916073,0.000402963634693933
"ASV_16",0.00758969550168695,0.000516682050544427
"ASV_17",0.0171997572370058,0.0039063767869396
"ASV_18",0.00770574659600311,0.000337254806198664
"ASV_19",0.00549356750232609,0.000348247338106942
"ASV_20",0.00435363779075056,0.000222183074094562
"ASV_21",0.00843014625497443,0.000193199049393916
"ASV_22",0.00513621687368347,0.000197209721305239
"ASV_23",0.00678480198684211,0.000150214531094249
"ASV_24",0.00644551411823198,0.000243598695526957
"ASV_25",0.00607905163599182,0.000886916851033316
"ASV_26",0.00299667325792499,0.000144344511152381
"ASV_27",0.0032227873136964,0.00024927259366374
"ASV_28",0.00225989754302198,0.000122571285718963
"ASV_29",0.00554254894418206,0.000159379717264487
"ASV_30",0.00788778835061246,0.000225143259949957
"ASV_31",0.00438754096281073,8.11076344317618e-05
"ASV_32",0.00500531976642641,0.000240449243834395
"ASV_33",0.00427016703313732,0.000147046742206965
"ASV_34",0.00616594866606261,0.000273843276639755
"ASV_35",0.00514146495061662,0.000428871319499198
"ASV_36",0.00434331630689144,8.4034724439009e-05
"ASV_37",0.00605138181353317,0.000676144694181365
"ASV_38",0.00304643676695563,0.000154893936406584
"ASV_39",0.00461815180640041,0.000118730275423102
"ASV_40",0.00290200008351079,0.00020211850763272
"ASV_41",0.00320801208659994,5.48148723250489e-05
"ASV_42",0.00262727236878426,0.000165661442394654
"ASV_43",0.00352304431017593,4.9459312754583e-05
"ASV_44",0.00889538197664119,0.00178401744767969
"ASV_45",0.00270824689992163,0.000176030430502443
"ASV_46",0.00296080576164149,8.01397298191686e-05
"ASV_47",0.00360057121373917,0.000123929790009011
"ASV_48",0.00347991336246943,0.000253801561940039
"ASV_49",0.00194250526152675,4.33200161769345e-05
"ASV_50",0.00484234234234234,0.000562758704650597
"ASV_51",0.00314220156167276,3.10278313001244e-05
"ASV_52",0.00186888208710053,4.10017222306615e-05
"ASV_53",0.00256824363130977,6.39614637894347e-05
"ASV_54",0.00291935776347058,7.44902902399406e-05
"ASV_55",0.00303779691030103,0.000221477041637628
"ASV_56",0.0016940659136622,2.36332476060366e-05
"ASV_57",0.00270482746897841,8.41288682886259e-05
"ASV_58",0.00317747006488728,0.000242311584318115
"ASV_59",0.00283867850456001,0.000193394295654025
"ASV_60",0.00333799755795946,5.75770282009798e-05
"ASV_61",0.00513795045045045,0.000633564835950816
"ASV_62",0.00238031240103718,2.94978786776869e-05
"ASV_63",0.00252587759887647,0.000133296085586598
"ASV_64",0.00252914175273298,0.000153517392130014
"ASV_65",0.00276054176674673,0.000182894180302876
"ASV_66",0.00179201943454375,6.02146352094727e-05
"ASV_67",0.00167616158787108,3.82698665428709e-05
"ASV_68",0.00174077452374664,3.51101102758118e-05
"ASV_69",0.00182802100506808,4.18800461280578e-05
"ASV_70",0.0022539606035995,1.93310685927909e-05
"ASV_71",0.00136416613689341,4.46627819771205e-05
"ASV_72",0.000920123346264797,2.03190473361966e-05
"ASV_73",0.00122959696517784,1.83880973199299e-05
"ASV_74",0.000913906296627872,2.00453932563857e-05
"ASV_75",0.00209434032708911,6.34559487267858e-05
"ASV_76",0.00122167328965739,3.58196550398957e-05
"ASV_77",0.00147201351889122,2.57459629655475e-05
"ASV_78",0.00120377331471736,3.47776846374149e-05
"ASV_79",0.00133758051862416,2.24176320649216e-05
"ASV_80",0.00298140498031723,0.000102740456579626
"ASV_81",0.00164464433270663,3.17408983810911e-05
"ASV_82",0.0012996367280471,4.05373349973353e-05
"ASV_83",0.000770914154978613,1.42634072243133e-05
"ASV_84",0.00202049421362637,5.1678457116722e-05
"ASV_85",0.00109206786674178,2.14531587422494e-05
"ASV_86",0.000733611857157068,1.29164725670746e-05
"ASV_87",0.00170593999078301,1.69558688656276e-05
"ASV_88",0.00186816119562317,8.37606300679722e-05
"ASV_89",0.00188912391174201,4.82532189321667e-05
"ASV_90",0.00193212365591398,8.95944437218176e-05
"ASV_91",0.00130508851406704,1.15646681681605e-05
"ASV_92",0.000946105936224513,1.50370227364153e-05
"ASV_93",0.00165242713880137,3.26450379518959e-05
"ASV_94",0.000596836765144733,8.5491389814823e-06
"ASV_95",0.00109482321486194,2.87673089232151e-05
"ASV_96",0.00116583230701802,7.14270830193248e-06
"ASV_97",0.000856058063253109,1.28438201506204e-05
"ASV_98",0.00135861268852659,4.42998824982109e-05
"ASV_99",0.00122410227019953,2.49395601332883e-05
"ASV_100",0.00132214477867449,4.19536035786294e-05
"ASV_101",0.00106386006244986,1.51012296056861e-05
"ASV_102",0.000724023451296179,1.25810389926439e-05
"ASV_103",0.000500472495772406,6.01134525659187e-06
"ASV_104",0.00107779829119254,8.9674262745027e-06
"ASV_105",0.00106304962393986,8.25493608832217e-06
"ASV_106",0.00125264488771423,1.90059459895264e-05
"ASV_107",0.00068023187034189,1.11051695382918e-05
"ASV_108",0.000734612959436238,8.18885560687419e-06
"ASV_109",0.000732740606699492,6.41925890847803e-06
"ASV_110",0.000604124154226184,8.75918384926805e-06
"ASV_111",0.000964102288792255,1.22796260979301e-05
"ASV_112",0.00090276028798954,1.34458473698107e-05
"ASV_113",0.000989007670471704,2.34752681340448e-05
"ASV_114",0.000985876742479824,2.33268708327031e-05
"ASV_115",0.00082309478687302,9.07381124510069e-06
"ASV_116",0.000385457077489307,3.56585180607834e-06
"ASV_117",0.000668457176962101,5.46928146264059e-06
"ASV_118",0.00238330046022354,0.000136322906008841
"ASV_119",0.000357480354123147,3.06701288601626e-06
"ASV_120",0.000348154779667761,2.90908201453217e-06
"ASV_121",0.000348154779667761,2.90908201453217e-06
"ASV_122",0.0012072960056831,2.25988783593288e-05
"ASV_123",0.000574015751209237,4.40210802335646e-06
"ASV_124",0.00202344079390873,9.12637705823374e-05
"ASV_125",0.000682912682347136,5.36786901270598e-06
"ASV_126",0.000483299323380947,5.60587766353155e-06
"ASV_127",0.000800265748625959,1.53702064421728e-05
"ASV_128",0.000548039584116247,7.20833725819942e-06
"ASV_129",0.000789527710592535,8.33729952011346e-06
"ASV_130",0.000441477714204987,4.67766173135184e-06
"ASV_131",0.000301526907390829,2.18204342113626e-06
"ASV_132",0.000831659467626776,8.14641249039196e-06
"ASV_133",0.000298418382572366,2.13728474537057e-06
"ASV_134",0.000777643989564519,1.45135241881397e-05
"ASV_135",0.000782835236126933,4.74923883896264e-06
"ASV_136",0.000406159497068588,3.9591728894162e-06
"ASV_137",0.000847196549599507,1.72258078476794e-05
"ASV_138",0.000261116084750821,1.63635863317435e-06
"ASV_139",0.000427992818071736,4.39626845570366e-06
"ASV_140",0.000558992341945998,2.0194800616808e-06
"ASV_141",0.00064704754601227,1.0048092643212e-05
"ASV_142",0.000248681985476972,1.48422551761845e-06
"ASV_143",0.000233139361384661,1.30449508384434e-06
"ASV_144",0.000607691692223481,6.91997124445003e-06
"ASV_145",0.000226922311747737,1.23584965365449e-06
"ASV_146",0.000482205922303722,5.58054123611479e-06
"ASV_147",0.000214488212473888,1.10412463896585e-06
"ASV_148",0.000304619622801441,2.22703475029661e-06
"ASV_149",0.000541125541125541,7.02760443020183e-06
"ASV_150",0.000468622656886716,5.27057266914154e-06
"ASV_151",0.000568599906348251,7.75934048398175e-06
"ASV_152",0.000504402054292003,6.10611437697582e-06
"ASV_153",0.000344482024301641,2.84802876160695e-06
"ASV_154",0.000527223926380368,6.67116164515036e-06
"ASV_155",0.000496122610978812,5.9073034829864e-06
"ASV_156",0.000192728538744653,8.91462951519584e-07
"ASV_157",0.000473224644318251,5.37459753576325e-06
"ASV_158",0.000186511489107729,8.34876853660381e-07
"ASV_159",0.000510654893909396,4.94000385518455e-06
"ASV_160",0.000445430935555958,4.76180924040615e-06
"ASV_161",0.000532467849436519,2.56662494136939e-06
"ASV_162",0.000251642297096843,1.51977229651621e-06
"ASV_163",0.000502346616878884,3.00848485640889e-06
"ASV_164",0.00117110453648915,3.29156600492513e-05
"ASV_165",0.000641891891891892,9.88860482103725e-06
"ASV_166",0.000250599649160491,1.50720441982467e-06
"ASV_167",0.000246124655425482,1.4538563041995e-06
"ASV_168",0.000415232228060639,4.13802727728486e-06
"ASV_169",0.00041979605544361,4.22948947598435e-06
"ASV_170",0.000167860340196956,6.76250251464908e-07
"ASV_171",0.00028184892897407,1.90653165033193e-06
"ASV_172",0.000238397965670693,1.3640061608622e-06
"ASV_173",0.00045153521974714,4.89321731213036e-06
"ASV_174",0.000480176850039864,5.53367537554094e-06
"ASV_175",0.000161643290560032,6.27085281193797e-07
"ASV_176",0.00043502146140819,2.51499156808349e-06
"ASV_177",0.000152317716104645,5.56816479344048e-07
"ASV_178",0.000282349144885447,1.91330495082103e-06
"ASV_179",0.000401364639775236,3.86624577748571e-06
"ASV_180",0.000540540540540541,7.01241782322863e-06
"ASV_181",0.000146100666467721,5.12289713815495e-07
"ASV_182",0.000142992141649259,4.90722061762602e-07
"ASV_183",0.000251571279290652,8.91450959548118e-07
"ASV_184",0.000518018018018018,6.44022400779158e-06
"ASV_185",0.00042002688172043,4.23414195282692e-06
"ASV_186",0.000359470858895706,3.10126316148519e-06
"ASV_187",0.000273342813045376,8.77470638928363e-07
"ASV_188",0.000133666567193872,4.28802028449457e-07
"ASV_189",0.00013055804237541,4.09089658293587e-07
"ASV_190",0.000185420639966095,8.25139529410465e-07
"ASV_191",0.000329380764163373,2.60380050722034e-06
"ASV_192",0.00045045045045045,4.86973459946433e-06
"ASV_193",0.000301987074953192,2.18870864253084e-06
"ASV_194",0.000264873675631622,1.68379353702253e-06
"ASV_195",0.000118123943101562,3.34878382412664e-07
"ASV_196",0.000167761531397895,6.75454354007206e-07
"ASV_197",0.000317747006488728,2.42311584318115e-06
"ASV_198",0.000780736357659434,1.46291822441117e-05
"ASV_199",0.000193118710593344,8.9507607314966e-07
"ASV_200",0.000187899285982713,8.47347400147523e-07
"ASV_201",0.000158931977113795,6.06224960383199e-07
"ASV_202",0.000207440188079104,1.03275435912706e-06
"ASV_203",0.000279588445807771,1.87607277670092e-06
"ASV_204",0.000105689843827713,2.68088234119833e-07
"ASV_205",0.000105689843827713,2.68088234119833e-07
"ASV_206",0.000284299953174125,1.93983512099544e-06
"ASV_207",0.000162664142907843,6.35030961310639e-07
"ASV_208",0.000678007889546351,1.10326727588903e-05
"ASV_209",0.000371621621621622,3.31446311176041e-06
"ASV_210",0.000141272868545596,4.78992561290429e-07
"ASV_211",0.000267576426516824,1.71833145666032e-06
"ASV_212",0.000244244977712646,1.43173461930842e-06
"ASV_213",0.000156582738318928,5.88435694546891e-07
"ASV_214",9.01472197354024e-05,1.9503650942455e-07
"ASV_215",0.000221347011052085,1.17586798324061e-06
"ASV_216",0.000233520149452896,1.30875984481207e-06
"ASV_217",0.000223670756646217,1.20068657708859e-06
"ASV_218",0.000119198982835346,3.41001540215549e-07
"ASV_219",0.000119198982835346,3.41001540215549e-07
"ASV_220",0.00022576760987357,1.22330432803259e-06
"ASV_221",0.000171328287943473,4.62825069644479e-07
"ASV_222",7.77131204615538e-05,1.44943898204927e-07
"ASV_223",0.000199706032719836,9.57179988112713e-07
"ASV_224",0.000309684684684685,2.30171049427806e-06
"ASV_225",0.000103513545486809,2.57161298381994e-07
"ASV_226",0.000466417910447761,5.22109601247494e-06
"ASV_227",0.000175597029901666,7.40023605846875e-07
"ASV_228",0.000202171903881701,9.80963489259638e-07
"ASV_229",9.39748684351842e-05,2.11950621537844e-07
"ASV_230",0.000121006776379477,3.51423358314068e-07
"ASV_231",5.90619715507809e-05,8.3719595603166e-08
"ASV_232",9.36551125833037e-05,2.10510722711791e-07
"ASV_233",9.36551125833037e-05,2.10510722711791e-07
"ASV_234",0.000149005583788192,5.32863936001441e-07
"ASV_235",0.000109482321486194,2.87673089232151e-07
"ASV_236",0.000150511739915713,5.43690812458929e-07
"ASV_237",0.000202702702702703,9.86121256391527e-07
"ASV_238",8.35107937700948e-05,1.67377264226671e-07
"ASV_239",7.06364342727979e-05,1.19748140322607e-07
"ASV_240",7.82913691594639e-05,1.47108923636723e-07
"ASV_241",6.71249060251316e-05,1.08138072213186e-07
"ASV_242",7.37028301886792e-05,1.30370572267711e-07
"ASV_243",4.35193474584701e-05,4.54544064770652e-08
"ASV_244",6.18068799886982e-05,9.16821699344961e-08
"ASV_245",6.26499122901228e-05,9.42002762390419e-08
"ASV_246",0.000106857177749283,2.74042954477002e-07
"ASV_247",4.0410822640008e-05,3.91928300746123e-08
"ASV_248",0.000100080064051241,2.40384461292012e-07
"ASV_249",0.000100341159943809,2.41640361092857e-07
"ASV_250",0.000135135135135135,4.3827611395179e-07
"ASV_251",9.58588957055215e-05,2.20534269261169e-07
"ASV_252",8.40670090486672e-05,1.69614288249328e-07
"ASV_253",5.42213809692811e-05,7.05589957011821e-08
"ASV_254",8.62663906142167e-05,1.78605363590511e-07
"ASV_255",7.47079597935344e-05,1.33950702156296e-07
"ASV_256",5.76222744664177e-05,7.96878363523963e-08
"ASV_257",6.79163270850312e-05,1.10703059633303e-07
"ASV_258",8.15394651011089e-05,1.59568424855399e-07
"ASV_259",2.48681985476972e-05,1.48422551761845e-08
"ASV_260",3.57999498800702e-05,3.07592738739729e-08
"ASV_261",4.60978195731342e-05,5.10002152655336e-08
"ASV_262",5.28477381168086e-05,6.70292021775068e-08
"ASV_263",4.03355921264924e-05,3.90470398126742e-08
"ASV_264",1.86511489107729e-05,8.3487685366038e-09
"ASV_265",2.64886628522992e-05,1.68395822328666e-08
"ASV_266",2.46460822587641e-05,1.45783048969385e-08
"ASV_267",2.08776984425237e-05,1.0461079014167e-08
"ASV_268",1.92544670363524e-05,8.89762802049558e-09
